---
source: tests/matrix.rs
expression: table
---
| input | packages | licenses | vulnerabilities | diff | outdated | python | phantom | scorecard | explain | license gate | severity gate | KEV gate | yanked gate | scorecard gate |
|---|---|---|---|---|---|---|---|---|---|---|---|---|---|---|
| pixi.lock | 0: 30 rows | 0: 30 rows, 30 with license | 0: 6 rows | 0: 30 unchanged | 0: 30 rows | 0: 6 rows | 0: 2 rows | 0: 30 rows, 6 with score | 0 | 3 | 4 | 4 | 7 | 9 |
| uv.lock | 0: 27 rows | 0: 27 rows, 25 with license | 0: 25 rows | 0: 27 unchanged | 0: 25 rows | 0: 27 rows | 0: 12 rows | 0: 27 rows, 25 with score | 0 | 3 | 4 | 4 | 7 | 9 |
| pylock.toml | 0: 27 rows | 0: 27 rows, 25 with license | 0: 25 rows | 0: 27 unchanged | 0: 25 rows | 0: 27 rows | 0: 27 rows | 0: 27 rows, 25 with score | 0 | 3 | 4 | 4 | 7 | 9 |
| poetry.lock | 0: 27 rows | 0: 27 rows, 25 with license | 0: 25 rows | 0: 27 unchanged | 0: 25 rows | 0: 27 rows | 0: 12 rows | 0: 27 rows, 25 with score | 0 | 3 | 4 | 4 | 7 | 9 |
| pdm.lock | 0: 27 rows | 0: 27 rows, 25 with license | 0: 25 rows | 0: 27 unchanged | 0: 25 rows | 0: 27 rows | 0: 12 rows | 0: 27 rows, 25 with score | 0 | 3 | 4 | 4 | 7 | 9 |
| conda-lock.yml | 0: 66 rows | 0: 66 rows, 1 with license | 0: 1 rows | 0: 66 unchanged | 0: 66 rows | 0: 1 rows | 0: 1 rows | 0: 66 rows, 1 with score | 0 | 3 | 4 | 4 | 0 | 9 |
| explicit spec | 0: 65 rows | 0: 65 rows, 0 with license | 0: 0 rows | 0: 65 unchanged | 0: 65 rows | 0: 0 rows | 0: 58 rows | 0: 65 rows, 0 with score | 0 | 0 | 0 | 0 | 0 | 0 |
| --prefix (conda) | 0: 4 rows | 0: 4 rows, 4 with license | 0: 1 rows | 0: 4 unchanged | 0: 4 rows | 0: 1 rows | 0: 0 rows | 0: 4 rows, 1 with score | 0 | 3 | 4 | 4 | 7 | 9 |
| --prefix (venv) | 0: 6 rows | 0: 6 rows, 6 with license | 0: 6 rows | 0: 6 unchanged | 0: 6 rows | 0: 6 rows | 0: 2 rows | 0: 6 rows, 6 with score | 0 | 3 | 4 | 4 | 0 | 9 |
| --from-sbom | 0: 30 rows | 0: 30 rows, 30 with license | 0: 6 rows | 0: 30 unchanged | 0: 30 rows | 0: 6 rows | 0: 2 rows | 0: 30 rows, 6 with score | 0 | 3 | 4 | 4 | 7 | 9 |
| --from-sbom (syft CycloneDX) | 0: 15 rows | 0: 15 rows, 9 with license | 0: 9 rows | 0: 10 unchanged | 0: 9 rows | 0: 9 rows | 0: 0 rows | 0: 15 rows, 9 with score | 0 | 3 | 4 | 4 | 0 | 9 |
| --from-sbom (syft SPDX) | 0: 15 rows | 0: 15 rows, 9 with license | 0: 9 rows | 0: 10 unchanged | 0: 9 rows | 0: 9 rows | 0: 0 rows | 0: 15 rows, 9 with score | 0 | 3 | 4 | 4 | 0 | 9 |

Exit codes: 0 ok, 3 license policy, 4 vulnerability gate (severity or KEV), 7 yanked, 9 scorecard gate.
The upstream gives every PyPI package a critical, KEV-listed advisory, a newer release, an MIT license, a
repository with a 4.2 scorecard, and yanks six; conda packages get no advisory (OSV has no conda ecosystem).

- vulnerabilities, severity and KEV gates on conda-only inputs (explicit spec): nothing to find, since OSV has
  no conda ecosystem; conda-lock.yml and the conda prefix find their one PyPI package.
- python on the explicit spec: no rows, since the format records no dependencies and so no package that pins
  an interpreter.
- phantom on pylock.toml and the explicit spec: the inputs record no graph (uv export writes no per-package
  dependencies; an explicit spec none at all), so every transitive package is a root and counts as undeclared.
- licenses on conda-lock.yml and the explicit spec: neither records a conda package's license, and the conda
  archives --fetch-licenses would read them from are not reachable here, so only conda-lock's PyPI package has
  one. The license gate (an allow-list) has nothing to refuse on the explicit spec; --require-license is what
  gates unknown licenses.
- scorecard: the repository comes from the wheel, or from the PyPI JSON API's project_urls where no wheel is
  read (poetry.lock and pdm.lock record no URLs; an installed dist-info names none here). The git and local
  packages are not looked up by name, so 25 of 27 are scored.
- yanked gate: six is the yanked one; inputs without it pass.
- the syft documents (tests/fixtures/syft) describe a venv: 9 PyPI packages and 6 executables syft found
  ('Simple Launcher', no purl), which outdated lists as not checked. syft names no repositories, so the scores
  come from the PyPI lookup. The diff counts 10, not 15: it matches by kind and name, and the six executables
  share one.
- licenses and outdated on the Python lockfiles count 25 of 27: the git checkout (django-debug-toolbar) and the
  local directory (internal-utils) are not asked about by name, since the index would describe an unrelated
  project of that name.
