---
source: src/report.rs
expression: "render_string_from(&[report], ReportFormat::Table)"
---
Package          Version  Kind          License
---------------------------------------------------------
mylib            -        conda-source  Proprietary
└── zlib         1.3.1    conda         MIT OR Apache-2.0
    └── libzlib  1.3.1    conda         Zlib
other            0.2.0    conda-source  MIT
└── zlib (*)     1.3.1    conda         MIT OR Apache-2.0
six              1.17.0   pypi          -
