---
source: src/report.rs
expression: "render_string(ReportKind::Vulnerabilities, ReportFormat::Table,\n&[vulnerable_sbom()])"
---
Package  Version  Severity  Score  KEV  ID                   Aliases          Fixed   Status   Summary
------------------------------------------------------------------------------------------------------------------------
six      1.17.0   high      7.5    yes  GHSA-q2q7-5pp4-w6pg  CVE-2021-33503,  1.26.5  open     Catastrophic backtracking
                                                             PYSEC-2021-108                    in URL authority parser
zlib     1.3.1    unknown   -      -    PYSEC-2099-1         -                -       ignored  -
six      1.17.0   unknown   -      -    PYSEC-2099-1         -                -       ignored  -

Summary: 1 open findings in 1 packages, 1 ignored
Severity  Findings
------------------
high      1

Known exploited (CISA KEV) (1):
  GHSA-q2q7-5pp4-w6pg (CVE-2021-33503, due 2026-09-22)
Ignored (1):
  PYSEC-2099-1 (false_positive): not the same zlib
No queryable identity (2): libzlib, mylib
