---
source: src/report.rs
expression: "render_string(ReportKind::Licenses, ReportFormat::Markdown, &[sample_sbom()])"
---
## licenses (demo, environment default, platform linux-64)

| Name | Version | Kind | License | Family | Source | Files |
|---|---|---|---|---|---|---|
| libzlib | 1.3.1 | conda | Zlib | - | lockfile | 1 |
| zlib | 1.3.1 | conda | MIT OR Apache-2.0 | - | lockfile | 2 |
| mylib | - | conda-source | Proprietary | - | lockfile | 1 |
| six | 1.17.0 | pypi | - | - | - | 0 |

### Summary: 4 packages, 3 distinct licenses

| License | Packages |
|---|---|
| MIT OR Apache-2.0 | 1 |
| Proprietary | 1 |
| Zlib | 1 |

No license (1): six
Not an SPDX expression (1): mylib
